<html>
<body>
<pre>
<h1>µVision Build Log</h1>
<h2>Tool Versions:</h2>
IDE-Version: ¦ÌVision V5.40.0.0
Copyright (C) 2024 ARM Ltd and ARM Germany GmbH. All rights reserved.
License Information:  ,  , LIC=RC93N-YBXYZ-JJI6S-LHT46-UKXDZ-4RBWW
 
Tool Versions:
Toolchain:       MDK-ARM Plus  Version: 5.40.0.3
Toolchain Path:  D:\STM32\ARM\ARMCC\Bin
C Compiler:      Armcc.exe V5.06 update 7 (build 960)
Assembler:       Armasm.exe V5.06 update 7 (build 960)
Linker/Locator:  ArmLink.exe V5.06 update 7 (build 960)
Library Manager: ArmAr.exe V5.06 update 7 (build 960)
Hex Converter:   FromElf.exe V5.06 update 7 (build 960)
CPU DLL:         SARMCM3.DLL V5.40.0.3
Dialog DLL:      DCM.DLL V1.17.5.0
Target DLL:      Segger\JL2CM3.dll V2.99.44.0
Dialog DLL:      TCM.DLL V1.56.4.0
 
<h2>Project:</h2>
C:\Users\Ð¡z\Desktop\FWL-template\Project\YH-F103.uvprojx
Project File Date:  08/02/2024

<h2>Output:</h2>
*** Using Compiler 'V5.06 update 7 (build 960)', folder: 'D:\STM32\ARM\ARMCC\Bin'
Build target 'Target 1'
compiling main.c...
..\..\FWL-LED\User\LED\bsp_led.h(8): warning:  #1-D: last line of file ends without a newline
  #endif 
..\User\main.c(19): warning:  #1-D: last line of file ends without a newline
  }
..\User\main.c: 2 warnings, 0 errors
compiling bsp_led.c...
..\..\FWL-LED\User\LED\bsp_led.h(8): warning:  #1-D: last line of file ends without a newline
  #endif 
..\..\FWL-LED\User\LED\bsp_led.c: 1 warning, 0 errors
linking...
Program Size: Code=1132 RO-data=320 RW-data=0 ZI-data=1632  
".\Objects\YH-F103.axf" - 0 Error(s), 3 Warning(s).

<h2>Software Packages used:</h2>

Package Vendor: Keil
                https://www.keil.com/pack/Keil.STM32F1xx_DFP.2.4.1.pack
                Keil::STM32F1xx_DFP@2.4.1
                STMicroelectronics STM32F1 Series Device Support, Drivers and Examples

<h2>Collection of Component include folders:</h2>
  D:/STM32/Keil/STM32F1xx_DFP/2.4.1/Device/Include

<h2>Collection of Component Files used:</h2>
Build Time Elapsed:  00:00:01
</pre>
</body>
</html>
