<html>
<body>
<pre>
<h1>µVision Build Log</h1>
<h2>Tool Versions:</h2>
IDE-Version: ¦ÌVision V5.40.0.0
Copyright (C) 2024 ARM Ltd and ARM Germany GmbH. All rights reserved.
License Information:  ,  , LIC=S5ISZ-J57DA-SG87K-ZCZX8-DWAZ1-QA2PJ
 
Tool Versions:
Toolchain:       MDK-ARM Professional  Version: 5.40.0.3
Toolchain Path:  D:\STM32\ARM\ARMCC\Bin
C Compiler:      Armcc.exe V5.06 update 6 (build 750)
Assembler:       Armasm.exe V5.06 update 6 (build 750)
Linker/Locator:  ArmLink.exe V5.06 update 6 (build 750)
Library Manager: ArmAr.exe V5.06 update 6 (build 750)
Hex Converter:   FromElf.exe V5.06 update 6 (build 750)
CPU DLL:         SARMCM3.DLL V5.40.0.3
Dialog DLL:      DCM.DLL V1.17.5.0
Target DLL:      Segger\JL2CM3.dll V2.99.44.0
Dialog DLL:      TCM.DLL V1.56.4.0
 
<h2>Project:</h2>
C:\Users\Ð¡z\Desktop\FWL-KEY\Project\YH-F103.uvprojx
Project File Date:  08/02/2024

<h2>Output:</h2>
*** Using Compiler 'V5.06 update 6 (build 750)', folder: 'D:\STM32\ARM\ARMCC\Bin'
Rebuild target 'Target 1'
compiling core_cm3.c...
compiling misc.c...
compiling stm32f10x_dac.c...
compiling stm32f10x_bkp.c...
compiling stm32f10x_can.c...
compiling stm32f10x_flash.c...
compiling bsp_key.c...
..\User\KEY\bsp_key.h(20): warning:  #1-D: last line of file ends without a newline
  #endif /*__BSP_KEY_H */
..\User\KEY\bsp_key.c(29): warning:  #1-D: last line of file ends without a newline
  }
..\User\KEY\bsp_key.c(29): warning:  #940-D: missing return statement at end of non-void function "KEY_scan" 
  }
..\User\KEY\bsp_key.c: 3 warnings, 0 errors
compiling stm32f10x_tim.c...
compiling stm32f10x_adc.c...
assembling startup_stm32f10x_hd.s...
compiling stm32f10x_exti.c...
compiling system_stm32f10x.c...
compiling stm32f10x_usart.c...
compiling bsp_led.c...
..\User\LED\bsp_led.h(21): warning:  #1-D: last line of file ends without a newline
  #endif 
..\User\LED\bsp_led.c: 1 warning, 0 errors
compiling stm32f10x_fsmc.c...
compiling stm32f10x_pwr.c...
compiling stm32f10x_wwdg.c...
compiling stm32f10x_cec.c...
compiling stm32f10x_it.c...
compiling stm32f10x_crc.c...
compiling stm32f10x_rtc.c...
compiling stm32f10x_iwdg.c...
compiling stm32f10x_dbgmcu.c...
compiling main.c...
..\User\LED\bsp_led.h(21): warning:  #1-D: last line of file ends without a newline
  #endif 
..\User\KEY\bsp_key.h(20): warning:  #1-D: last line of file ends without a newline
  #endif /*__BSP_KEY_H */
..\User\main.c(25): warning:  #1-D: last line of file ends without a newline
  }
..\User\main.c: 3 warnings, 0 errors
compiling stm32f10x_dma.c...
compiling stm32f10x_sdio.c...
compiling stm32f10x_spi.c...
compiling stm32f10x_rcc.c...
compiling stm32f10x_gpio.c...
compiling stm32f10x_i2c.c...
linking...
Program Size: Code=1232 RO-data=320 RW-data=0 ZI-data=1632  
".\Objects\YH-F103.axf" - 0 Error(s), 7 Warning(s).

<h2>Software Packages used:</h2>

Package Vendor: Keil
                https://www.keil.com/pack/Keil.STM32F1xx_DFP.2.4.1.pack
                Keil::STM32F1xx_DFP@2.4.1
                STMicroelectronics STM32F1 Series Device Support, Drivers and Examples

<h2>Collection of Component include folders:</h2>
  D:/STM32/Keil/STM32F1xx_DFP/2.4.1/Device/Include

<h2>Collection of Component Files used:</h2>
Build Time Elapsed:  00:00:02
</pre>
</body>
</html>
